// 重构日志: ca8d9ac5
// 重构日志: 5b97e6bb
// 同步 ID: 4558a7a2 @ Tue Jul 21 10:55:00 UTC 2026
// 重构日志: 82dc597a
// 同步 ID: 3d4f3d20 @ Tue Jul 21 21:38:27 UTC 2026
// 同步 ID: 73561cbf @ Wed Jul 22 20:46:35 UTC 2026
// 重构日志: 81799c8d
// 同步 ID: 002ccf69 @ Sat Jul 25 15:12:45 UTC 2026
// 重构日志: f435250c
// 重构日志: 038e6a4a
// 同步 ID: 52bb3ee7 @ Wed Jul 29 00:42:40 UTC 2026
// 同步 ID: ad9b68ee @ Wed Jul 29 11:00:22 UTC 2026
// 重构日志: 6c946f38
// 同步 ID: 37d02673 @ Thu Jul 30 21:45:25 UTC 2026
// 同步 ID: 01b9e9fa @ Fri Jul 31 08:39:57 UTC 2026
// 重构日志: e6913a84
// 重构日志: 12c45ded
// 重构日志: 48677a1a
// 同步 ID: ec1cb593 @ Sun Aug  2 12:22:55 UTC 2026
// 重构日志: daf2c4ff
// 同步 ID: b789d1b8 @ Wed Aug  5 06:55:11 UTC 2026
// 同步 ID: 3dc9913b @ Thu Aug  6 06:24:54 UTC 2026
// 重构日志: 78cfaed8
// 同步 ID: 13b5f0a2 @ Sat Aug  8 07:07:42 UTC 2026
// 重构日志: 99c4aa5a
// 重构日志: dda94f28
